
DOKI JYOTHSNA@LAPTOP-SPD12P08 MINGW64 /f/Training (master)
$ touch file.txt

DOKI JYOTHSNA@LAPTOP-SPD12P08 MINGW64 /f/Training (master)
$ vi touch.txt

DOKI JYOTHSNA@LAPTOP-SPD12P08 MINGW64 /f/Training (master)
$ echo 2 >file.txt

DOKI JYOTHSNA@LAPTOP-SPD12P08 MINGW64 /f/Training (master)
$ git diff

DOKI JYOTHSNA@LAPTOP-SPD12P08 MINGW64 /f/Training (master)
$ git diff --staged

DOKI JYOTHSNA@LAPTOP-SPD12P08 MINGW64 /f/Training (master)
$ git add file.txt
warning: in the working copy of 'file.txt', LF will be replaced by CRLF the next time Git touches it

DOKI JYOTHSNA@LAPTOP-SPD12P08 MINGW64 /f/Training (master)
$ git diff

DOKI JYOTHSNA@LAPTOP-SPD12P08 MINGW64 /f/Training (master)
$ git diff --staged
diff --git a/file.txt b/file.txt
new file mode 100644
index 0000000..0cfbf08
--- /dev/null
+++ b/file.txt
@@ -0,0 +1 @@
+2

DOKI JYOTHSNA@LAPTOP-SPD12P08 MINGW64 /f/Training (master)
$ echo 3 >file.txt

DOKI JYOTHSNA@LAPTOP-SPD12P08 MINGW64 /f/Training (master)
$ git diff
warning: in the working copy of 'file.txt', LF will be replaced by CRLF the next time Git touches it
diff --git a/file.txt b/file.txt
index 0cfbf08..00750ed 100644
--- a/file.txt
+++ b/file.txt
@@ -1 +1 @@
-2
+3

DOKI JYOTHSNA@LAPTOP-SPD12P08 MINGW64 /f/Training (master)
$ git diff --staged
diff --git a/file.txt b/file.txt
new file mode 100644
index 0000000..0cfbf08
--- /dev/null
+++ b/file.txt
@@ -0,0 +1 @@
+2

DOKI JYOTHSNA@LAPTOP-SPD12P08 MINGW64 /f/Training (master)
$ git status
On branch master
Changes to be committed:
  (use "git restore --staged <file>..." to unstage)
        new file:   file.txt

Changes not staged for commit:
  (use "git add <file>..." to update what will be committed)
  (use "git restore <file>..." to discard changes in working directory)
        modified:   file.txt

Untracked files:
  (use "git add <file>..." to include in what will be committed)
        touch.txt


DOKI JYOTHSNA@LAPTOP-SPD12P08 MINGW64 /f/Training (master)
$ git restore --staged file.txt

DOKI JYOTHSNA@LAPTOP-SPD12P08 MINGW64 /f/Training (master)
$ git status
On branch master
Untracked files:
  (use "git add <file>..." to include in what will be committed)
        file.txt
        touch.txt

nothing added to commit but untracked files present (use "git add" to track)

DOKI JYOTHSNA@LAPTOP-SPD12P08 MINGW64 /f/Training (master)
$ git add .
warning: in the working copy of 'file.txt', LF will be replaced by CRLF the next time Git touches it
warning: in the working copy of 'touch.txt', LF will be replaced by CRLF the next time Git touches it

DOKI JYOTHSNA@LAPTOP-SPD12P08 MINGW64 /f/Training (master)
$ git commit -m "modeified"
[master 13fe83f] modeified
 2 files changed, 3 insertions(+)
 create mode 100644 file.txt
 create mode 100644 touch.txt

DOKI JYOTHSNA@LAPTOP-SPD12P08 MINGW64 /f/Training (master)
$ echo 4 >file.txt

DOKI JYOTHSNA@LAPTOP-SPD12P08 MINGW64 /f/Training (master)
$ cat file.txt
4

DOKI JYOTHSNA@LAPTOP-SPD12P08 MINGW64 /f/Training (master)
$ git status
On branch master
Changes not staged for commit:
  (use "git add <file>..." to update what will be committed)
  (use "git restore <file>..." to discard changes in working directory)
        modified:   file.txt

no changes added to commit (use "git add" and/or "git commit -a")

DOKI JYOTHSNA@LAPTOP-SPD12P08 MINGW64 /f/Training (master)
$ git restore file.txt

DOKI JYOTHSNA@LAPTOP-SPD12P08 MINGW64 /f/Training (master)
$ cat file.txt
3

DOKI JYOTHSNA@LAPTOP-SPD12P08 MINGW64 /f/Training (master)
$ git status
On branch master
nothing to commit, working tree clean


